Dd, Dd, Dd, Dd, Dd, Dd, Dd, Dd, Dd, Dd, Dd, Dd^Esd, Dd, Dd, Dd^Esd, Dd, Dd, Dd, Dd, Dd^Esd, Dd, Dd, Dd, Dd, Dd, Dd, Dd, Dd, Dd, Dd, Dd, Dd, Dd, Dd, Dd, Dd, Dd, Rd, Dd, Dd, Dd, Dd^Esd, Dd
Dd, Dd, Dd, Dd, Dd, Dd, Dd, Dd, Dd, Dd, Dd, Dd, Hd, Dd, Dd, Dd, Dd, Dd, Dd, Dd, Dd, Dd^Edpp, Dd, Dd, Dd, Dd, Dd^Esd, Dd, Dd, Dd, Dd, Dd, Dd, Hd, Dd^Vda, Dd, Rd, Rd, Dd, Dd, Dd, Dd^Edpp, Dd
Dd, Dd^Esd, Dd, Dd, Dd, Dd, Dd, Dd, Dd, Dd, Hd, Hd, Hd, Dd, Dd^Edp, Dd, Dd^Dc, Dd, Dd, Dd, Hd, Hd, Hd, Hd, Dd, Dd, Dd, Dd, Dd, Dd, Dd, Dd, Hd, Hd, Dd, Dd, Rd, Dd, Dd, Dd, Hd, Dd, Hd
Dd^Edb, Dd, Dd, Dd, Dd, Dd, Dd, Dd, Dd, Dd^Esd, Hd, Hd, Dd, Dd, Dd^Edb, Dd, Dd, Dd, Dd, Dd, Hd, Hd, Hd, Dd, Dd, Dd, Dd^Edp, Dd, Dd, Dd, Hd, Dd, Mdd, Hd, Hhd, Rd, Dd, Dd^Edpp, Dd, Dd, Hd, Hd, Hd
Rd, Dd^Edb, Dd, Dd^Vo, Dd, Dd, Dd, Dd, Hd, Hd, Hd, Hd, Dd, Dd^Vdt, Dd^Edb, Dd, Dd, Dd, Hd, Hd, Hd, Hd, Hd, Dd, Dd, Dd, Dd, Dd, Dd, Hd, Hhd, Mdd, Hhd, Hhd, Hhd, Rd, Dd, Dd^Do, Hd, Dd^Esd, Hhd, Hd, Mdd
Dd, Rd^Edb, Rd, Rd, Rd^Edb, Dd^Edb, Rd, Hd, Hd, Hd, Hd, Dd, Dd, Dd, Dd, Dd, Dd, Hd, Hd, Hd, Hd, Hd, Dd, Dd, Dd^Vdt, Dd, Dd, Dd, Dd, Hd, Mdd, Mdd, Mdd, Hhd, Rd, Rd, Dd, Hd, Hhd, Hhd, Hhd, Mdd, Mdd
Dd^Edpp, Dd, Dd^Edb, Dd^Edb, Dd^Edb, Rd^Ecf, Co, Co, Co^Edb, Hd, Dd^Do, Dd, Dd, Dd, Dd, Dd^Esd, Hd, Hd, Hd, Hd, Hd, Dd, Dd, Dd, Dd, Dd, Dd, Dd, Hd, Hd, Hhd, Mdd, Cd, Cd, Cd, Rd, Dd^Vda, Hhd, Hhd, Hhd, Mdd, Mdd, Mdd
Dd, Dd, Dd^Edb, Dd, Dd, Rd^Edb, Co, 3 Ko, Co^Edb, Rd^Edb, Dd, Dd, Dd, Dd, Dd, Dd, Hd, Hd, Hd, Hd, Dd, Dd, Dd, Dd, Dd, Dd, Dd, Dd, Hd, Hd, Dd^Vda, Hhd, Cd, 4 Kd, Cd, Rd, Dd^Esd, Hd, Hhd, Hhd, Mdd, Mdd, Hd
Dd, Dd, Dd, Dd, Hd, Hd, Hd, Co, Rd^Edb, Rd^Edb, Rd, Dd, Dd, Dd, Hd, Hd, Hd, Hd, Dd, Hd, Dd, Dd, Dd, Dd, Dd, Dd, Dd, Hd, Dd, Hd, Dd, Hd, Hd, Cd, Rd^Ecf, Rd, Hhd, Hhd, Mdd, Mdd, Mdd, Mdd, Hd
Dd, Dd, Dd, Dd, Hd, Hd, Dd, Dd, Dd, Dd^Edb, Dd, Rd, Dd, Hd, Dd, Hd, Dd, Dd, Dd, Dd, Dd, Dd, Hd, Hd, Dd, Dd, Dd, Dd, Dd^Ftd, Dd, Dd, Dd, Hd, Rd, Dd, Dd, Hd, Hhd, Mdd, Mdd, Hd, Hd, Hd
Dd, Dd, Dd, Dd, Hd, Dd, Dd^Edb, Dd, Dd, Dd, Dd, Rd, Rd^Edb, Rd, Cdr^Dr, Rd^Edb, Rd^Edb, Rd, Rd, Dd, Dd, Hd, Hd, Hd, Dd, Dd, Dd, Dd, Dd^Edpp, Dd^Edpp, Dd, Dd, Dd, Rd^Edb, Rd, Dd, Hd, Hd, Hd, Hd, Dd, Hd, Hd
Dd, Dd, Dd, Dd, Dd, Dd^Vdt, Hd, Dd, Hd, Dd, Dd, Dd, Dd, Rd, Dd, Rd^Edb, Hd, Dd^Vda, Rd, Dd, Hd, Hd, Hd, Hd, Dd, Dd, Dd, Dd^Dc, Dd, Dd, Hd, Hd, Dd, Rd, Cdr, Rd^Edb, Dd, Dd, Dd, Dd, Dd, Hd, Dd
Dd, Dd, Dd, Dd, Dd, Dd, Hd, Hd, Dd, Dd, Dd^Do, Dd, Hd, Hd, Hd, Hd, Dd, Rd, Dd^Edpp, Dd^Edpp, Hd, Hd, Hd, Dd, Dd, Dd, Dd, Dd, Dd, Dd, Hd, Hd, Hd, Dd, Rd, Rd^Edb, Dd, Dd, Dd, Dd, Dd, Dd, Dd^Edpp
Dd, Dd, Hd, Dd, Hd, Hd, Hd, Dd, Dd, Dd, Dd, Dd, Hd, Hd, Hd, Dd^Edpp, Rd, Rd, Hd, Hd, Hd, Hd, Dd, Dd, Dd, Dd, Dd, Dd, Hd, Hd, Hd, Hd, Hd^Edb, Hd^Edb, Dd^Edb, Rd, Dd^Edb, Dd, Dd^Esd, Dd, Hd, Dd, Dd
Dd, Hd, Hd, Hd, Hd, Hd, Dd, Dd, Dd, Hd, Hd, Hd, Hd, Hd, Dd, Dd^Esd, Dd, Dd^Esd, Hd, Hd, Dd, Dd, Dd, Dd, Dd, Dd, Dd, Dd, Hd, Hd, Hd, Hd, Dd, Dd, Rd^Edb, Rd^Edb, Dd^Edb, Dd, Dd, Hd, Hd, Hd, Hd
Hd, Hd, Hd, Hd, Hd, Dd, Dd, Dd, Hd, Hd, Dd, Hd, Dd, Dd, Hd, Dd, Rd, Hd, Hd, Dd, Ce, Rd, Rd, Dd, Dd, Dd^Esd, Hd, Hd, Hd, Hd, Dd, Hd, Dd, Rd, Rd, Dd, Dd, Dd, Dd, Hd, Hd, Hd, Hd
Hd, Hd, Dd, Hd, Dd, Dd, Dd, Dd, Dd, Dd, Dd, Dd, Dd, Hd, Hd, Dd^Ftd, Rd, Hd, Rd, Ce, 1 Ke, Ce, Rd, Dd, Dd, Hd, Dd, Dd, Dd, Dd, Dd, Dd, Rd^Edb, Cdr, Dd, Dd, Hd, Dd, Hd, Hd, Hd, Hd, Dd
Dd, Dd, Dd, Dd, Dd, Dd, Hd, Hd, Dd, Dd, Dd^Vdt, Dd, Hd, Hd, Dd, Dd, Dd, Rd, Rd, Ce, Ce, Ce, Rd, Dd, Dd^Vda, Dd, Dd^Edp, Dd, Dd^Esd, Dd^Do, Dd, Rd, Dd^Edb, Rd, Dd^Edpp, Dd, Hd, Hd, Hd, Hd, Hd, Hd, Dd
Dd, Dd^Esd, Dd, Dd, Hd, Hd, Hd, Dd^Edpp, Dd^Esd, Dd, Ds, Dd, Dd, Hd, Dd, Dd, Dd, Rd, Dd^Ftd, Rd, Rd, Rd, Rd, Dd, Dd, Dd, Dd, Dd, Rd, Dd, Rd, Rd, Dd, Dd, Hd, Hd, Hd, Hd, Hd, Hd, Hd, Hd, Dd
Dd, Dd, Dd, Dd, Hd, Hd, Dd, Dd, Gs, Dd, Gd, Ds, Gd, Dd, Gd, Ds, Rd, Rd, Dd^Ftd, Dd^Ftd, Dd, Dd, Dd, Rd, Rd, Dd, Rd, Dd, Dd, Rd, Dd, Dd, Dd, Hd, Hd, Hd, Hd, Hd, Dd^Edp, Hd, Dd, Dd, Dd
Dd, Dd, Hd, Hd, Ds, Gd, Gd^Fts, Gs, Gs^Edpp, Gs^Edpp, Gs^Vda, Gs, Gs, Gs, Gs, Gd, Ds, Dd, Dd, Dd^Ftd, Dd, Dd, Dd, Ds, Rd, Rd, Cd, Rd, Rd, Dd, Dd^Vda, Dd, Dd, Dd, Dd, Dd, Dd, Dd, Dd, Dd, Dd, Dd, Dd
Hd, Hd, Hd, Ds, Gd, Gs^Edpp, Gs^Ft, Gs^Ft, Gs^Ft, Gd^Fts, Gd^Fts, Gs^Edpp, Ds, Gs, Gs, Gd, Gs^Vda, Ds, Dd, Dd, Dd, Hd, Dd, Dd, Rd, Cd, 2 Kd, Cd, Rd, Dd, Dd, Dd, Dd, Dd, Dd, Dd, Dd, Dd, Dd^Vda, Dd, Dd, Dd, Dd
Hd, Hd, Dd, Dd, Gs, Gd^Fts, Gs^Ft, Gs^Ft, Wwt, Gs^Ft, Wwt, Ds, Wwt, Ds, Gs, Gs, Gs, Gd, Ds, Dd, Hd, Hd, Dd^Dc, Dd, Rd, Cd, Cd, Cd, Rd, Rd, Rd, Rd, Rd, Rd, Rd, Dd, Rd, Dd, Dd, Dd, Dd, Dd, Dd
Hd, Dd, Gd, Gd^Fts, Gs^Ft, Gs^Ft, Gs^Ftp, Wwt, Wwt, Wwt, Wwt, Wwt, Wwt, Ds, Gd^Fts, Gs^Edpp, Gs, Gd, Ds, Dd, Hd, Hd, Dd^Esd, Dd, Dd, Rd, Rd, Rd, Dd, Dd, Dd, Dd, Dd^Esd, Dd, Dd, Rd, Dd, Rd, Rd, Dd, Dd, Dd, Dd
Dd, Ds, Ds, Gs^Ft, Gs^Ftp, Gs^Ftp, Ww^Ewf, Wwt, Wot, Wot, Wwt, Wwt, Gs^Ft, Gs^Ft, Gs^Edpp, Gs^Edpp, Gs, Gs, Gd, Dd, Hd, Hd, Dd, Dd, Dd^Vda, Dd, Dd, Dd, Dd, Dd, Dd^Edp, Dd, Hd, Dd, Dd^Edpp, Dd^Esd, Dd, Rd, Cd^Ebn, Rd, Dd^Esd, Dd, Dd
Dd, Ds, Gs^Ft, Gs^Ftp, Gs^Ftp, Gs^Ftp, Wwt, Wwt, Ww^Vm, Wot, Wwt, Wwt, Gs^Ftp, Gs^Ft, Gd^Fts, Gs^Vda, Gs^Edpp, Gd, Dd, Ds, Hd, Hd, Dd^Ftd, Dd, Dd, Dd, Dd^Ftd, Dd, Dd^Ftd, Dd, Dd, Dd, Hd, Dd, Dd^Do, Dd, Dd, Rd, Rd, Rd, Rd, Dd, Rd
Gs, Gs, Gs^Ft, Gs^Ftp, Ww^Ewf, Wwt, Wot, Wot, Wot, Wwt, Ww^Ewf, Gs^Ftp, Gs^Ftp, Gs^Ft, Gs^Ft, Gs^Ft, Gd^Fts, Gd, Dd^Ftd, Hd, Dd^Ftd, Dd^Ftd, Dd^Ftd, Dd, Dd, Dd, Dd, Dd, Dd^Ftd, Dd^Ftd, Hd, Hd, Hd, Dd, Hd, Dd, Dd, Dd, Dd, Dd, Dd, Rd, Dd
Gd^Fts, Gd^Fts, Gs^Ft, Gs^Ftp, Wwt, Wwt, Wot, Wot, Wot, Wwt, Ww^Ewf, Gs^Ftp, Gs^Ftp, Gs^Ftp, Gs^Ft, Gd^Fts, Gd^Fts, Gs^Edpp, Dd^Ftd, Dd^Ftd, Hd, Dd^Ftd, Hd, Dd, Dd, Dd, Dd, Dd^Ftd, Dd, Dd^Ftd, Hd, Hd, Hd, Hd, Hd, Hd, Dd, Dd, Dd, Dd, Dd, Dd, Dd
Gd^Fts, Gd^Fts, Gs^Ft, Gs^Ft, Gs^Ft, Wwt, Wot, Wot, Wwt, Wot, Wwt, Ww^Ewf, Gs^Ftp, Gs^Ftp, Gs^Ft, Gs^Ft, Gd^Fts, Gd^Fts, Dd^Ftd, Dd^Ftd, Hd, Hd, Hd, Dd, Dd, Dd, Dd, Dd, Dd, Hd, Hd, Hd, Hd, Hd, Dd^Esd, Dd, Dd, Dd, Dd, Dd, Dd, Dd, Dd
