Dd, Dd, Dd, Dd, Dd, Dd^Edb, Dd^Edp, Dd, Dd, Dd, Dd, Dd, Dd, Hd, Hd, Hd, Dd, Dd, Dd, Dd, Rd, Rd, Rd, Rd, Dd, Dd, Hd, Dd, Dd, Dd, Dd, Dd, Dd^Edb, Dd, Dd, Dd, Dd, Dd, Dd, Dd, Ds, Dd, Dd, Dd, Hd, Hd
Hd, Hd, Dd, Dd, Dd^Esd, Dd^Edpp, Dd, Dd^Do, Hd, Hd, Dd, Dd, Dd, Hd, Hd, Hd, Dd^Esd, Dd, Dd^Es, Dd, Ce, Re, 4 Ke, Re, Ce, Hd, Hd, Hd, Dd, Dd, Dd, Dd, Hd, Dd, Hd, Dd, Dd, Dd, Dd^Edb, Ds, Rd, Dd, Dd, Dd, Hd, Hd
Hd, Hd, Hd, Dd, Dd, Dd^Esd, Dd, Dd, Hd, Hd, Dd, Dd, Dd, Hd, Dd, Dd, Dd, Dd, Dd^Vdt, Rd, Rd, Ce, Re, Ce, Re, Hd, Dd^Esd, Dd, Dd, Dd, Dd, Dd, Hd, Hd, Dd, Dd^Es, Dd^Vdt, Dd, Dd, Dd, Dd, Rd, Dd, Dd, Dd, Dd
Hd, Hd, Dd, Dd, Dd, Dd, Hd, Hd, Hd, Hd, Dd, Dd, Dd, Dd, Dd, Dd, Dd, Dd, Dd, Rd, Dd, Re^Ecf, Rd, Re^Ecf, Dd, Rd, Dd, Dd^Vdt, Dd, Dd, Dd, Hd, Hd, Hd, Dd, Dd^Edp, Dd, Dd, Dd, Hd, Hd, Hd, Hd, Dd, Dd, Dd^Esd
Hd, Dd, Dd, Dd, Dd, Dd, Hd, Hd, Dd, Hd, Dd, Dd, Dd, Dd, Hd, Hd, Dd, Dd, Rd, Dd, Rd, Dd, Dd^Vdr, Dd, Rd, Dd, Dd, Dd, Dd, Dd, Dd, Dd, Hd, Dd^Edb, Dd, Dd, Dd, Dd, Hd, Mdd, Cdr, Hd, Dd, Dd, Dd, Dd^Esd
Dd, Dd, Dd, Dd, Dd^Esd, Dd, Dd, Dd, Dd, Dd, Dd, Dd, Dd, Hd, Hd, Hd, Dd, Rd, Dd, Rd, Dd^Es, Dd, Dd, Dd, Dd, Dd^Esd, Dd, Dd^Edb, Hd, Dd, Dd, Dd, Dd^Edb, Dd, Dd^Edb, Dd^Edb, Dd, Dd, Dd, Hd, Rd, Hd, Ds, Dd, Dd^Es, Dd
Dd, Dd, Dd, Dd, Dd, Dd, Dd^Vdt, Rd, Ce, Dd, Rd, Dd, Dd, Dd, Hd, Hd, Dd, Rd, Dd, Dd^Do, Hd, Dd^Es, Hd, Dd, Dd, Dd^Edb, Dd, Hd, Hd, Dd, Dd, Dd^Edb, Dd, Dd, Hd, Hd, Dd, Dd, Dd^Vdt, Dd, Rd, Ds, Ds, Dd, Dd, Dd
Dd, Dd, Hd, Dd, Dd, Dd^Dc, Re, Rd, Ce, Rd, Dd, Dd, Dd, Hd, Dd, Dd^Vdt, Dd, Dd, Dd^Esd, Dd, Dd, Hd, Dd, Dd, Dd, Dd, Hd, Mdd, Dd, Dd, Dd, Dd, Dd, Hd, Hd, Dd, Dd, Ds, Ds, Rd, Dd, Dd, Hd, Dd, Dd, Dd
Hd, Hd, Hd, Dd, Dd, Dd, Rd, 3 Ke, Re^Ecf, Re, Dd, Dd, Dd, Dd, Dd, Dd^Edb, Dd, Dd, Dd, Dd, Ds, Dd, Dd^Edb, Dd, Dd, Dd, Dd, Dd, Dd, Dd^Vdt, Hd, Dd, Mdd, Hd, Dd, Dd, Dd^Do, Dd^Esd, Ds, Dd, Hd, Hd, Hd, Dd, Dd, Dd^Edb
Dd, Hd, Dd, Dd, Dd^Esd, Rd, Ce, Ce, Re, Dd^Vdt, Dd, Dd, Dd, Dd, Dd^Edp, Dd, Ds, Dd^Esd, Dd, Ds, Dd, Dd, Hd, Dd, Dd, Dd, Dd^Edb, Dd^Edpp, Dd, Dd, Hd, Mdd, Hhd, Hd, Dd, Dd^Edb, Dd, Rd, Dd, Dd, Hd, Hd, Dd, Dd, Dd, Dd
Hd, Hd, Dd, Dd, Rd, Dd^Vdt, Rd, Rd, Dd, Dd, Hd, Dd^Esd, Dd, Dd, Dd, Ds, Dd, Dd, Hd, Hhd, Mdd, Hhd, Dd, Dd, Mdd, Dd^Edb, Dd^Edb, Dd, Ds^Esd, Dd^Es, Dd^Edb, Mdd, Dd^Edb, Dd^Edb, Dd, Dd, Dd^Vdt, Rd, Rd, Hd, Dd, Hd, Dd, Dd, Dd, Dd
Dd, Dd, Dd, Rd, Dd, Dd^Es, Rd, Dd, Dd, Hd, Hd, Dd, Dd^Edb, Dd, Dd^Edb, Dd^Edb, Dd^Edb, Dd, Hhd, Mdd, Mdd, Mdd, Gs^Ft, Mdd, Mdd, Dd^Edb, Ds^Edb, Ds^Edb, Ds^Edb, Dd^Edb, Dd^Dc, Hd, Dd, Dd, Dd, Dd, Hd, Dd, Rd, Dd, Ds, Dd, Rd, Dd^Vdt, Dd, Dd
Hd, Dd, Hd, Dd, Dd, Dd^Esd, Dd, Dd, Hd, Hd, Dd, Dd, Dd^Edb, Dd^Edb, Dd^Edb, Dd^Edb, Ds^Edb, Dd^Edb, Mdd, Mdd, Gs^Ft, Gs^Ft, Gs^Ft, Gs^Ft, Hhd, Mdd, Gd^Edb, Dd^Edb, Mdd, Dd, Dd^Edb, Dd, Dd, Dd, Dd, Hd, Hd, Dd^Edb, Dd, Ds, Ds, Dd^Edb, Dd, Rd, Ds, Dd^Edb
Hd, Hd, Hd, Dd, Dd, Dd, Dd, Hd, Hd, Dd, Dd, Dd, Ds, Dd, Dd, Dd, Dd^Edb, Gd^Edb, Gd^Edb, Rd, Gs^Vct, Gs, Ce, Gs, Gs^Vct, Gs^Edb, Gd, Mdd, Mdd, Dd, Dd, Dd, Dd, Dd, Hhd, Hd, Dd, Dd, Ds, Dd, Hd, Dd, Hd, Dd, Ds, Dd
Hd, Hd, Dd, Dd, Dd, Dd, Dd, Cdr, Dd^Esd, Dd, Dd, Dd^Edp, Dd^Es, Dd, Dd, Dd, Dd, Mdd, Gs, Gs, Ce, Ce, Wwt, Ce, Ce, Gs^Edb, Gs^Ft, Hhd, Mdd, Hd, Dd, Dd, Dd, Hd, Mdd, Mdd, Dd, Dd, Dd^Esd, Dd^Edb, Hd, Hd, Dd, Dd, Dd^Do, Dd
Hd, Hd, Dd, Dd, Dd, Dd^Vdt, Dd, Cdr, Dd, Dd, Dd, Dd, Dd^Ftd, Dd, Dd, Dd, Mdd, Mdd, Hhd, Gs^Vct, Ce, Wwt^Edb, 2 Gs, Wwt, Wwt, Ce, Gs^Ft, Gs^Ft, Mdd, Mdd, Dd, Dd^Edb, Dd, Dd, Mdd, Hhd, Dd^Esd, Dd^Vdt, Dd, Dd, Hd, Hd, Dd, Dd^Edb, Dd^Edb, Dd
Dd, Dd, Dd, Dd^Edb, Dd, Dd, Hd, Hd, Dd, Dd, Hd, Dd, Dd^Ftd, Dd, Dd, Dd, Hd, Mdd, Mdd, Gs, Wwt, Wwt^Edb, Ce, Gs, Wwt^Edb, Ce, Gs^Vct, Hhd, Mdd, Mdd, Dd, Dd, Dd^Esd, Dd, Dd^Edb, Dd, Dd, Dd, Dd^Edpp, Dd, Hd, Dd, Dd, Dd, Dd, Dd^Edpp
Dd, Dd, Dd, Dd^Edb, Hd, Dd, Hd, Dd, Dd, Dd, Hd, Dd, Dd^Edb, Dd^Edb, Dd^Edb, Dd, Dd, Mdd, Wwt^Edb, Wwt^Edb, Gs, 1 Ke, Ce, Wwt, Ce, Ce, Gs, Hhd, Mdd, Ds, Dd, Dd, Ds, Dd, Dd^Edb, Dd, Hd, Dd, Dd, Hd, Dd, Dd, Dd, Dd^Esd, Dd, Dd^Esd
Dd, Dd, Dd, Hd, Hd, Hd, Hd, Dd, Dd, Dd, Wwt, Dd, Dd^Ftd, Dd^Edb, Dd, Dd, Dd, Mdd, Wwt^Edb, Gs^Edb, Gs^Ft, Gs^Vct, Gs^Edb, Ce, Gs^Vct, Gs^Ft, Rd^Edb, Gd^Edb, Gd^Edb, Dd^Edb, Dd, Ds, Dd, Dd, Hd, Hd, Dd^Edp, Dd, Dd, Dd, Dd, Dd, Dd^Vdr, Dd, Dd^Edp, Dd
Dd, Hd, Hd, Hd, Dd, Hd, Dd, Dd, Wwt, Wwt, Dd^Ftd, Wwt, Wwt, Gd^Ftd, Wwt, Dd, Wwt, Wwt^Edb, Gd^Ftd, Mdd, Mdd, Gs^Ft, Gd^Edb, Gs, Hhd, Rd^Edb, Mdd, Gd^Edb, Dd, Dd^Edb, Dd^Ftd, Dd, Dd, Dd, Hd, Hd, Dd, Dd, Dd, Dd^Edpp, Dd, Dd, Dd, Dd, Hd, Hd
Dd^Esd, Dd, Dd^Esd, Dd, Dd, Dd^Esd, Dd^Edpp, Wwt, Gd^Ftd, Gd^Ftd, Dd^Ftd, Hd, Hd, Wwt, Gd^Ftd, Wwt, Dd, Gd^Ftd, Dd^Ftd, Hd, Mdd, Mdd, Mdd, Gd^Edb, Mdd, Mdd, Hd, Dd^Edb, Dd^Dc, Dd^Ftd, Dd^Edb, Dd, Dd, Dd, Dd, Dd, Dd, Dd, Dd, Hd, Dd, Dd, Dd, Dd, Hd, Hd
Dd, Dd, Dd, Dd, Dd^Edp, Dd^Ftd, Wwt, Wwt, Gd^Ftd, Gd^Ftd, Hd, Hhd, Mdd, Gd^Ftd, Gd^Ftd, Dd, Dd, Dd, Dd, Ds, Dd, Hd, Dd, Dd, Hd, Mdd, Dd, Dd, Dd^Edb, Ds^Edb, Dd^Edb, Dd, Dd^Edb, Dd^Vdt, Dd, Dd, Dd, Dd, Hd, Hd, Rd, Dd, Dd, Dd, Hd, Hd
Dd, Dd, Dd, Dd, Dd^Vdt, Dd^Edpp, Wwt, Dd^Ftd, Hd, Dd^Ftd, Hd, Hd, Mdd, Mdd, Hhd, Dd, Hd, Dd, Dd, Dd, Dd^Es, Ds^Es, Ds, Dd, Dd, Ds, Ds^Edb, Dd^Edb, Dd^Edb, Dd^Edb, Dd, Dd^Esd, Dd, Dd, Dd, Dd, Dd, Hd, Hd, Dd, Ce, Dd, Hd, Hd, Dd, Hd
Dd, Hd, Hd, Hd, Dd^Esd, Dd^Esd, Wwt, Dd, Dd, Dd, Dd, Dd, Dd, Mdd, Mdd, Hd, Dd, Dd^Edb, Dd^Ftd, Dd^Edb, Dd, Dd, Hd, Dd, Dd, Ds, Dd, Dd, Dd, Hd, Hd, Hd, Dd, Dd, Dd, Dd, Hd, Hd, Re, Re^Ecf, Ce, Rd, Dd, Dd, Dd, Dd^Es
Hd, Hd, Hd, Hd, Hd, Dd^Ftd, Dd^Ftd, Wwt, Dd^Es, Dd, Dd^Vdr, Dd, Dd^Esd, Hhd, Hd, Hd, Dd, Dd^Edpp, Dd^Dc, Dd, Mdd, Mdd, Hhd, Dd, Dd, Dd, Dd^Edb, Dd^Es, Rd, Cdr, Dd, Dd, Dd^Esd, Dd^Esd, Dd, Dd, Dd, Dd^Vdr, Re^Ecf, 5 Ke, Re, Rd, Dd^Vda, Dd, Dd^Esd, Dd
Dd, Hd, Dd, Dd, Dd^Es, Dd^Edb, Wwt, Wwt, Dd, Dd, Dd, Dd, Dd, Hd, Dd^Esd, Dd, Dd, Dd, Dd, Dd, Hhd, Mdd, Hd, Dd, Dd, Dd, Dd, Hd, Rd, Rd, Dd, Dd^Edb, Dd, Dd, Dd, Dd, Rd, Rd, Ce, Ce, Rd, Rd, Rd, Dd, Dd, Dd
Wwt, Dd, Wwt, Gd^Ftd, Wwt, Wwt, Dd^Ftd, Dd^Ftd, Dd^Es, Dd, Dd, Dd^Esd, Dd, Dd, Dd, Dd, Dd, Dd, Dd, Hd, Dd, Hd, Rd, Dd, Rd, Dd, Dd^Edb, Dd, Dd, Dd, Dd^Vdt, Dd, Hd, Hd, Dd, Dd, Dd, Rd, Dd, Rd, Hd, Hd, Dd, Dd, Dd, Dd
Dd, Wwt, Dd^Ftd, Wwt, Gd^Ftd, Gd, Hd, Hd, Dd, Dd^Edb, Dd, Dd^Es, Dd, Dd, Dd, Dd^Esd, Hd, Dd, Dd, Dd, Dd, Rd, Dd, Rd, Hd, Hd, Dd, Dd, Dd^Esd, Dd, Dd, Dd, Hd, Hd, Dd, Dd, Dd, Dd, Dd^Vdt, Hd, Hd, Dd, Dd, Dd^Edp, Dd, Dd
Dd, Dd, Dd, Dd^Do, Hd, Hd, Hd, Dd, Dd, Dd^Edb, Dd, Dd, Dd, Dd, Hd, Dd, Hd, Dd, Dd, Dd, Rd, Dd^Vdt, Re^Ecf, Hd, Rd, Dd, Dd, Dd, Dd^Es, Dd, Hd, Hd, Hd, Hd, Dd, Dd, Dd^Esd, Dd, Hd, Hd, Hd, Hd, Dd, Dd^Edb, Dd, Dd
Dd, Dd, Dd, Dd, Hd, Hd, Dd, Dd, Dd^Vdt, Dd, Dd^Edb, Dd^Esd, Dd, Dd, Mdd, Hd, Dd, Dd, Dd^Es, Rd, Ce, Re, 6 Ke, Re, Ce, Rd, Dd, Dd, Dd^Do, Dd, Hd, Hd, Dd, Dd, Dd, Dd, Dd, Hd, Hd, Hd, Dd, Dd, Dd^Edb, Dd, Dd, Dd
Dd, Dd, Dd, Hd, Dd, Dd^Edb, Dd^Dc, Dd, Dd, Dd^Edb, Dd, Dd^Esd, Hd, Hd, Hd, Hd, Dd, Dd, Dd, Dd^Vdt, Dd, Ce, Re, Ce, Dd, Dd^Vdt, Dd, Dd, Dd, Dd, Hd, Dd, Dd^Edp, Dd^Esd, Dd, Dd, Dd, Hd, Dd^Edb, Dd, Dd, Dd, Dd, Dd, Dd, Dd
Dd, Dd, Dd, Dd^Esd, Dd, Dd, Dd, Dd^Edb, Hd, Dd, Dd, Dd, Dd^Esd, Dd, Dd, Dd^Edb, Dd^Es, Dd^Esd, Dd, Dd^Edp, Dd, Rd, Dd^Edp, Rd, Rd, Dd^Esd, Dd^Edb, Dd, Dd, Dd, Dd, Dd, Dd, Dd, Dd, Dd, Hd, Hd, Dd, Dd, Dd, Dd^Edb, Dd^Dc, Dd, Dd^Edb, Hd
Dd, Dd, Dd, Dd^Esd, Dd, Dd, Hd, Hd, Dd, Dd, Dd, Dd^Esd, Dd, Dd, Dd^Vda, Dd, Dd, Dd^Esd, Dd, Dd, Dd^Es, Dd, Hd, Dd^Edb, Rd, Dd, Dd, Dd, Dd, Dd, Dd, Dd^Vdt, Dd, Dd, Dd, Dd^Esd, Dd, Dd, Dd, Dd^Esd, Dd^Esd, Dd, Hd, Dd^Edb, Hd, Hd
Dd, Dd, Dd, Hd, Hd, Hd, Hd, Hd, Dd^Es, Dd, Dd, Dd^Esd, Dd, Dd, Dd, Dd, Dd, Dd, Hd, Hd, Hd, Hd, Dd^Esd, Dd, Dd, Dd^Esd, Dd, Dd, Dd, Dd, Dd, Dd^Esd, Dd^Esd, Dd, Dd, Dd^Edb, Dd, Dd, Dd, Dd^Edb, Dd, Dd, Hd, Hd, Hd, Hd
Dd, Dd, Dd, Hd, Dd, Hd, Hd, Hd, Dd, Dd^Esd, Dd^Esd, Dd, Dd, Dd^Es, Dd, Dd, Hd, Hd, Hd, Hd, Hd, Hd, Dd, Dd, Dd, Dd, Dd, Dd, Dd, Dd^Edb, Dd, Dd, Dd, Dd, Dd, Dd, Dd, Dd, Dd^Edp, Dd, Hd, Hd, Hd, Hd, Hd, Hd
