Dd, Dd, Dd, Dd, Dd, Dd, Dd^Edb, Dd^Dc, Dd, Dd, Dd^Dc, Dd, Dd, Dd, Dd, Dd^Es, Dd, Dd, Hd, Hd, Hd, Hd, Hd, Dd, Dd^Es, Dd^Esd, Hd, Hd, Hd, Hd, Hd, Dd, Hhd, Hhd, Hhd, Mdd^Xm, Mdd^Xm, Mdd, Mdd, Mdd, Mdd, Mdd, Mdd, Mdd, Mdd, Mdd, Hhd, Hhd, Hhd, Hhd, Mdd, Mdd, Mdd^Xm, Mdd^Xm, Mdd^Xm, Xue, Mdd^Xm, Mdd^Xm, Mdd^Xm, Mdd^Xm, Mdd^Xm, Mdd^Xm, Mdd^Xm, Mdd^Xm, Mdd^Xm, Xue, Xue, Xue, Wog, Xue, Xue, Xue, Xue
Dd, Dd, Dd, Dd, Dd, Dd, Dd, Dd, Dd, Dd, Hd, Dd, Dd, Dd, Dd^Edb, Dd, Hd, Hd, Hd, Hd, Hd, Hd, Dd^Es, Dd^Edp, Dd, Dd, Hd, Mdd, Hd, Hd, Hhd, Hhd, Hhd, Hhd, Mdd, Mdd^Xm, Mdd^Xm, Mdd, Mdd, Mdd, Mdd, Mdd, Mdd, Mdd, Mdd, Mdd, Dd, Hhd, Mdd, Mdd, Mdd, Mdd, Mdd^Xm, Mdd^Xm, Mdd^Xm, Mdd^Xm, Mdd^Xm, Mdd^Xm, Mdd^Xm, Mdd^Xm, Xue, Mdd^Xm, Xue, Xue, Xue, Xue, Xue, Wog, Wog, Xue, Xue, Xue, Xue
Dd, Dd, Dd, Dd, Dd, Dd, Dd, Hd, Hd, Hd, Dd, Dd^Esd, Dd, Dd^Esd, Dd^Vdr, Dd, Hd, Hd, Hd, Hd, Dd, Dd, Dd, Dd, Dd^Esd, Hd, Dd, Hd, Hd, Hhd, Hd, Hhd, Hhd, Mdd, Mdd, Hhd, Mdd^Xm, Mdd^Xm, Mdd, Mdd, Rd, Mdd, Rd, Mdd, Rd, Mdd, Ds^Es, Hhd, Mdd, Mdd, Mdd^Xm, Mdd^Xm, Mdd^Xm, Mdd^Xm, Mdd^Xm, 3 Mdd^Xm, Xue, Xue, Xue, Xue, Xue, Xue, Uhe, Xue, Xue, Xue, Xue, Wog, Wog, Tb^Tf, Tb^Tf, Xue, Xue
Dd, Dd, Dd, Dd, Dd, Dd, Hd, Hd, Hd, Hd, Dd, Dd, Dd, Dd, Hd, Hd, Hd, Hd, Dd, Dd^Edb, Dd, Dd^Vdr, Dd, Dd, Dd^Dc, Dd, Dd^Esd, Hd, Hd, Hd, Mdd, Hhd, Hd, Hhd, Hhd, Hhd, Mdd^Xm, Mdd, Mdd, Rd, Mdd, Rd, Mdd, Rd, Rd, Dd^Es, Ds, Hhd, Mdd, Mdd^Xm, Mdd, Mdd^Xm, Mdd^Xm, Mdd^Xm, Mdd^Xm, Mdd^Xm, Xue, Xue, Uue, Xue, Xue, Xue, Uhe, Uhe, Uue^Emf, Tb^Tf, Wwg, Wog, Uue, Tb^Tf, Uue^Emf, Uhe, Uue
Dd, Dd, Dd, Dd, Dd, Hd, Hd, Hd, Hd, Dd, Dd, Dd^Edp, Dd, Dd^Esd, Hd, Dd, Dd, Dd, Dd, Dd, Dd, Dd^Esd, Hd, Dd, Dd, Dd, Dd, Dd, Hd, Mdd, Hd, Hd, Hhd, Hhd, Hhd, Mdd, Mdd^Xm, Mdd, Rd, Rd, Mdd, Mdd, Mdd^Xm, Mdd, Mdd, Rd, Rd, Mdd, Mdd, Mdd, Mdd, Mdd, Mdd^Xm, Mdd^Xm, Mdd^Xm, Xue, Mdd^Xm, Uue, Uue, Xue, Uue^Es, Uue^Es, Re, Re, Uue, Uue, Wwg, Uue^Es, Re, Re, Re^Es, Uue^Es, Uue
Dd, Dd, Dd, Dd, Hd, Hd, Hd, Hd, Hd, Dd, Dd, Dd, Dd^Edp, Hd, Cdr, Dd, Dd, Dd, Dd, Dd^Edp, Dd, Dd, Hd, Hd, Dd, Dd^Edp, Dd, Dd, Hd, Mdd, Hd, Hd, Hhd, Hhd, Hhd, Mdd, Mdd, Mdd, Rd, Rd, Dd, Mdd, Mdd^Xm, Mdd^Xm, Mdd, Rd, Rd, Dd^Es, Ds^Es, Dd^Es, Mdd, Mdd, Mdd^Xm, Mdd^Xm, Mdd^Xm, Mdd^Xm, Mdd^Xm, Mdd^Xm, Uhe, Uue, Uue^Es, Uue^Es, Xue, Uhe, Tb^Tf, Uue, Wwg, Uue^Es, Xue, Uhe, Uue, Uue^Es, Uue
Dd, Dd, Dd, Hd, Dd, Hd, Dd, Dd, Dd, Dd, Kdr, Dd^Esd, Dd^Edp, Hd, Dd, Dd, Dd^Es, Dd, Dd, Dd, Hd, Hd, Dd, Dd, Dd, Dd, Hd, Hd, Dd^Edp, Hd, Dd^Edb, Hd, Dd^Esd, Dd, Hhd, Mdd, Mdd, Mdd, Rd, Ds^Es, Ds^Es, Hhd, Mdd^Xm, Mdd, Hhd, Mdd, Rd, Dd, Mdd, Mdd, Mdd, Mdd, Mdd^Xm, Mdd^Xm, Mdd^Xm, Mdd^Xm, Xue, Uhe, Uue, Uue^Es, Uhe, Xue, Xue, Uhe, Xue, Xue, Xue, Wwg, Xue, Uhe, Tb^Tf, Uue^Emf, Uhe
Dd, Dd, Dd, Dd, Dd, Dd, Dd, Dd, Rd, Dd, Ce, Cdr, Dd^Esd, Dd, Dd, Dd, Dd, Dd, Dd^Esd, Hd, Hd, Hd, Dd, Dd, Dd, Dd, Dd, Dd, Dd, Dd^Esd, Dd, Dd, Hhd, Hhd, Mdd, Mdd, Mdd, Mdd, Rd, Dd^Es, Mdd, Mdd^Xm, Mdd, Mdd, Mdd, Rd, Mdd, Mdd, Mdd, Mdd, Mdd^Xm, Mdd, Mdd^Xm, Mdd^Xm, Mdd^Xm, Xue, Xue, Uhe, Uue, Uue, Uue, Xue, Xue, Xue, Xue, Xue, Wog, Wog^Es, Xue, Xue, Tb^Tf, Tb^Tf, Xue
Rd, Dd, Rd, Dd, 2 Rd, Rd, Rd, Rd, Rd, Ce, 1 Ke, Cdr, Dd, Dd, Dd, Dd, Dd, Dd, Hd, Hd, Hd, Dd, Dd^Edb, Dd, Dd, Dd, Dd, Dd, Dd, Dd, Hd, Hd, Hd, Hd, Hd, Mdd, Rd, Rd, Hhd, Mdd, Mdd, Mdd^Xm, Dd^Es, Ds^Es, Rd, Rd, Mdd, Mdd, Mdd, Mdd, Mdd, Mdd^Xm, Mdd^Xm, Mdd^Xm, Mdd^Xm, Xue, Xue, Xue, Uhe, Re, Re^Es, Xue, Xue, Xue, Xue, Uue, Xue, Wog, Xue, Xue, Xue, Xue, Xue
Dd, Rd, Dd, Rd, Dd, Dd, Dd^Es, Dd, Rd, Ce, Ce, Cdr, Dd, Dd, Dd, Dd, Hd, Hd, Hd, Hd, Dd, Dd, Dd, Dd^Esd, Dd, Dd^Edb, Hd, Dd, Dd, Dd^Edp, Dd, Hd, Mdd, Hd, Rd, Rd, Rd, Rd, Hhd, Hhd, Mdd^Xm, Mdd^Xm, Mdd, Rd, Rd, Mdd, Dd, Hhd, Mdd, Mdd, Mdd, Mdd, Mdd^Xm, Mdd^Xm, Mdd^Xm, Mdd^Xm, Mdd^Xm, Xue, Uhe, Uhe, Re, Uhe, Uhe, Xue, Uue, Uue, Tb^Tf, Wog, Xue, Xue, Xue, Xue, Xue
Dd, Dd, Dd, Dd, Dd, Dd, Dd^Dc, Dd^Edb, Dd, Dd^Edb, Kdr, Cdr, Dd^Esd, Dd, Dd, Dd, Hd, Hd, Dd, Dd, Cdr, Dd, Rd, Rd, Rd, Dd, Hd, Dd, Dd^Edb, Dd^Edb, Dd, Hd, Hd, Dd^Edb, Rd, Mdd, Mdd, Mdd, Mdd, Mdd, Mdd^Xm, Mdd, Mdd, Rd, Rd, Rd, Rd, Hhd, Hhd, Mdd, Mdd, Mdd^Xm, Mdd^Xm, Mdd^Xm, Mdd^Xm, Mdd^Xm, Mdd^Xm, Uhe, Xue, Tb^Tf, Uue^Emf, Re, Uue^Es, Uue^Es, Uue^Es, Uue^Emf, Tb^Tf, Tb^Tf, Xue, Xue, Xue, Xue, Xue
Dd, Dd, Dd, Dd, Dd, Dd, Dd, Dd^Esd, Hd, Hd, Dd, Rd, Dd^Es, Dd^Esd, Dd, Dd, Hd, Hd, Dd, Dd, Dd, Dd^Esd, Dd, Dd, Dd^Esd, Hd, Hd, Dd, Dd, Dd^Dc, Hd, Hd, Dd, Dd, Dd^Edp, Dd, Hd, Hhd, Mdd, Mdd^Xm, Mdd^Xm, Mdd, Mdd, Mdd, Mdd, Mdd, Rd, Mdd, Mdd, Mdd, Mdd, Mdd, Mdd, Mdd^Xm, Mdd^Xm, Mdd^Xm, Mdd^Xm, Xue, Xue, Xue, Xue, Uue, Xue, Uue, Uue, Uue, Xue, Xue, Xue, Xue, Xue, Xue, Xue
Dd, Hd, Dd, Dd, Dd, Dd, Hd, Hd, Hd, Hd, Cdr, Dd^Edb, Cdr, Dd^Dc, Dd^Esd, Dd, Dd^Edp, Dd, Rd, Dd, Dd^Esd, Dd, Dd^Edp, Hd, Hd, Hd, Dd, Dd, Dd, Dd, Hd, Hd, Dd, Hd, Hd, Hd, Hd, Hhd, Mdd, Mdd^Xm, Mdd, Mdd, Mdd, Mdd, Rd, Rd, Rd, Mdd, Mdd, Mdd, Mdd, Mdd, Mdd^Xm, Mdd^Xm, Xue, Xue, Xue, Xue, Xue, Xue, Xue, Xue, Xue, Xue, Uhe, Re, Re, Xue, Xue, Xue, Xue, Xue, Xue
Hd, Hd, Dd, Dd, Dd, Dd, Hd, Hd, Hd, Dd, Dd^Esd, Rd, Rd, Dd, Rd, Rd, Rd, Rd, Dd^Esd, Dd, Dd, Dd, Hd, Mdd, Hd, Hd, Dd, Dd, Dd, Dd, Dd, Dd^Esd, Dd, Hd, Hd, Hd, Mdd, Mdd, Mdd^Xm, Mdd^Xm, Mdd, Hhd, Dd, Mdd, Rd, Rd, Dd^Es, Mdd, Hhd, Hhd, Mdd, Mdd, Mdd^Xm, Mdd^Xm, Xue, Xue, Xue, Xue, Uhe, Uue, Xue, Xue, Xue, Uhe, Xue, Uue, Re, Uue, Uhe, Xue, Xue, Xue, Xue
Hd, Hd, Dd, Dd, Hd, Hd, Hd, Hd, Dd, Dd, Dd, Dd^Edb, Dd, Dd, Dd, Dd, Dd^Esd, Dd, Dd^Edp, Dd, Hd, Hd, Hd, Mdd, Dd, Dd, Dd, Dd, Dd, Dd, Dd, Dd, Hd, Hd, Mdd, Mdd, Mdd, Mdd, Mdd, Mdd^Xm, Mdd, Ds^Es, Dd, Rd, Rd, Rd, Ds^Es, Ds, Mdd, Mdd, Mdd, Mdd^Xm, Mdd, Mdd^Xm, Xue, Xue, Xue, Uhe, Uhe, Uue, Xue, Xue, Xue, Xue, Xue, Re^Es, Uue^Es, Uhe, Uhe, Xue, Xue, Xue, Xue
Hd, Hd, Dd, Dd, Dd, Dd, Dd^Dc, Hd, Dd, Dd, Dd, Dd, Dd, Dd^Esd, Hd, Dd, Dd, Dd, Dd^Edp, Dd^Esd, Hd, Hd, Hd, Hd, Rd, Rd, Rd, Rd, Dd, Dd, Hd, Dd^Esd, Hd, Hd, Hhd, Hhd, Hhd, Mdd, Mdd, Mdd^Xm, Mdd^Xm, Mdd, Mdd, Rd, Mdd, Rd, Rd, Hhd, Hhd, Mdd, Mdd, Mdd, Mdd, Mdd^Xm, Xue, Xue, Re, Xue, Uue, Uue, Xue, Xue, Xue, Tb^Tf, Uue^Emf, Re^Es, Uue^Emf, Uhe, Xue, Xue, Xue, Xue, Xue
Dd, Dd, Dd, Dd, Dd, Dd, Dd, Dd, Dd, Dd, Dd, Dd, Hd, Hd, Dd, Dd^Esd, Dd, Dd, Dd, Hd, Hd, Hd, Dd, Dd, Dd, Cdr, Dd, Dd, Dd^Edb, Hd, Hd, Hd, Hd, Hd, Mdd, Mdd, Mdd, Hhd, Hhd, Mdd, Hhd, Mdd^Xm, Mdd^Xm, Mdd, Mdd, Mdd, Rd, Rd, Dd^Es, Mdd, Mdd, Hhd, Mdd, Mdd, Uue, Re, Re^Es, Re, Uue^Es, Uue^Es, Re^Es, Uue, Re^Es, Uhe, Uue, Uue, Tb^Tf, Xue, Xue, Xue, Xue, Xue, Xue
Dd, Dd, Hd, Hd, Dd, Dd, Dd^Vdr, Dd, Dd, Dd, Dd, Hd, Hd, Hd, Dd, Dd^Esd, Dd, Dd, Dd, Hd, Dd, Dd^Es, Dd^Esd, Dd, Dd^Edb, Dd, Dd^Vdr, Hd, Hd, Hd, Mdd, Hd, Hd, Hd, Hd, Hd, Hd, Hd, Hhd, Hhd, Mdd, Mdd, Mdd^Xm, Mdd, Hhd^Es, Dd^Es, Dd^Es, Rd, Hhd, Mdd, Rd, Rd, Rd, Rd, Mdd, Uue, Xue, Uue, Xue, Re, Uhe, Re^Es, Uue, Uue, Uhe, Tb^Tf, Tb^Tf, Xue, Xue, Xue, Xue, Xue, Xue
Hd, Hd, Hd, Dd, Dd, Dd, Dd, Dd^Edb, Dd, Dd, Hd, Hd, Hd, Dd^Vdr, Dd, Dd^Dc, Dd, Dd, Dd, Hd, Dd, Dd^Esd, Dd^Esd, Dd, Dd, Dd, Dd^Esd, Hd, Hd, Hd, Mdd, Mdd, Hd, Hd, Hd, Hd, Mdd, Mdd, Hhd, Mdd, Mdd^Xm, Mdd^Xm, Mdd, Mdd, Mdd, Ds^Es, Mdd, Rd, Rd, Rd, Rd, Dd^Es, Ds^Es, Mdd, Mdd, Xue, Xue, Xue, Xue, Xue, Uhe, Uue, Xue, Uhe, Xue, Xue, Xue, Xue, Xue, Xue, Xue, Xue, Xue
Hd, Hd, Hd, Hd, Dd, Dd, Dd^Edp, Dd, Hd, Hd, Hd, Hd, Hd, Hd, Dd, Dd, Dd^Esd, Dd, Dd, Dd, Dd, Dd, Dd, Dd^Esd, Hd, Hd, Hd, Hd, Hd, Hd, Hd, Hd, Hd, Hd, Hhd, Hhd, Mdd, Mdd, Mdd, Mdd^Xm, Mdd, Mdd, Hhd, Hhd, Mdd, Hhd, Mdd, Mdd, Mdd, Rd, Mdd, Dd^Es, Hhd, Mdd, Mdd, Mdd^Xm, Mdd^Xm, Mdd^Xm, Mdd^Xm, Xue, Xue, Uhe, Xue, Xue, Xue, Xue, Xue, Xue, Xue, Xue, Xue, Xue, Xue
Hd, Hd, Hd, Hd, Dd, Dd, Dd, Dd, Hd, Hd, Dd, Hd, Dd, Hd, Dd, Dd, Dd, Dd^Edb, Dd, Dd, Dd, Dd, Dd^Es, Dd, Hd, Hd, Hd, Hd, Dd, Hd, Dd, Hd, Hd, Hd, Hhd, Hhd, Hhd, Mdd, Mdd, Mdd^Xm, Mdd, Hhd, Hhd, Hhd, Mdd, Mdd, Mdd, Mdd, Mdd, Mdd, Mdd, Mdd, Mdd, Mdd, Mdd, Mdd^Xm, Mdd^Xm, Mdd^Xm, Mdd^Xm, Mdd^Xm, Mdd^Xm, Xue, Xue, Xue, Xue, Xue, Xue, Xue, Xue, Xue, Xue, Xue, Xue
