Xu, Xu, Xu, Xu, Xu, Xu, Xu, Xu, Xu, Xu, Xu, Xu, Xu, Xu, Xu, Xu, Xu, Xu, Xu, Xu, Xu, Xu, Xu
Xu, Xu, Xu, Xu, Xu, Xu, Xu, Xu, Xu, Xu, Xu, Xu, Xu, Xu, Uu, Xu, Xu, Xu, Xu, Xu, Xu, Xu, Xu
Xu, Xu, Xu, Xu, Xu, Xu, Xu, Xu, Xu, Xu, Uh, Xu, Uu, Xu, Xu, Uu, Uu, Xu, Uu, Xu, Uu, Xu, Uu
Xu, Xu, Xu, Xu, Wwg, Xu, Xu, Xu, Xu, Xu, Cte, Uu, Rb^Es, Xu, Xu, Xu, Xu, Uu, Xu, Uu, Xu, Uu, Xu
Xu, Xu, Xu, Xu, Wwg, Xu, Xu, Xu, Xu, 1 Kte, Cte, Cte, Rb, Uu, Uh, Xu, Xu, Xu, Xu, Xu, Xu, Xu, Xu
Xu, Xu, Xu, Xu, Xu, Wwg, Sm, Tb^Tf, Tb^Tf, Cte^Emf, Cte, Cte, Uu, Uu^Vu, Uh, Xu, Xu, Xu, Xu, Xu, Xu, Xu, Xu
Xu, Xu, Uh, Xu, Xu, Xu, Wwg, Tb^Tf, Rb, Rb^Es, Rb^Es, Rb^Es, Uu, Uu^Dr, Xu, Xu, Xu, Xu, Xu, Xu, Xu, Xu, Xu
Uu, Uu, Rb^Es, Rb, Rb^Es, Wwg, Uu, Uu, Uu^Emf, Uu, Uu^Es, Uu, Qxu, Uu, Qxu, Xu, Xu, Xu, Xu, Xu, Xu, Xu, Xu
Uu, Uu, Uh, Rb^Es, Uu, Rb, Uh, Tb^Tf, Tb^Tf, Uu, Qxu, Qxu, Qxu, Qxu, Xu, Xu, Xu, Xu, Xu, Xu, Xu, Xu, Xu
Xu, Xu, Xu, Xu, Xu, Uu, Xu, Tb^Tf, Xu, Xu, Qxu, Qxu, Xu, Xu, Xu, Xu, Xu, Xu, Xu, Xu, Xu, Xu, Xu
Xu, Xu, Xu, Xu, Xu, Xu, Xu, Xu, Xu, Qxu, Xu, Xu, Xu, Xu, Xu, Xu, Xu, Xu, Xu, Xu, Xu, Xu, Xu
Xu, Xu, Xu, Xu, Xu, Xu, Xu, Xu, Xu, Xu, Xu, Xu, Xu, Xu, Xu, Xu, Xu, Xu, Xu, Xu, Xu, Xu, Xu
Xu, Xu, Xu, Xu, Xu, Xu, Xu, Xu, Xu, Xu, Xu, Xu, Xu, Xu, Xu, Xu, Xu, Xu, Xu, Xu, Xu, Xu, Xu
